// Jest Snapshot v1, https://goo.gl/fbAQLP

exports[`The Identity component matches the snapshot 1`] = `
<div>
  <fieldset
    class="jsx-1706115404"
  >
    <legend
      class="jsx-1706115404"
    >
      Identity
    </legend>
    <strong
      class="jsx-1706115404"
    >
      Project Name
    </strong>
    <form
      class="rjsf"
    >
      <fieldset
        class="sc-dlfnuX hBsleh pg-fieldset"
        id="root"
      >
        <div
          class="sc-fFucqa cGKbQt pg-input"
        >
          
          <input
            aria-label="root_project_name-input"
            class="sc-idOiZg jxyaVq pg-input-input"
            id="root_project_name"
            name="root_project_name-input"
            placeholder="2020-RFP-1-456-ABCD"
            value=""
          />
        </div>
      </fieldset>
    </form>
    <strong
      class="jsx-1706115404"
    >
      Legal Operator Name and BC Registry ID
    </strong>
    <div
      aria-expanded="false"
      class="ui fluid search selection dropdown"
      id="operator-dropdown"
      role="combobox"
    >
      <input
        aria-autocomplete="list"
        autocomplete="off"
        class="search"
        tabindex="0"
        type="text"
        value=""
      />
      <div
        aria-atomic="true"
        aria-live="polite"
        class="divider text"
        role="alert"
      >
        Select an Operator
      </div>
      <i
        aria-hidden="true"
        class="dropdown icon"
      />
      <div
        class="menu transition"
        role="listbox"
      >
        <div
          aria-checked="false"
          aria-selected="true"
          class="selected item"
          role="option"
          style="pointer-events: all;"
        >
          <span
            class="text"
          >
            Test Operator LEGAL (123456789)
          </span>
        </div>
        <div
          aria-checked="false"
          aria-selected="false"
          class="item"
          role="option"
          style="pointer-events: all;"
        >
          <span
            class="text"
          >
            Second Test Operator LEGAL (987654321)
          </span>
        </div>
      </div>
    </div>
    <strong
      class="jsx-1706115404"
    >
      Trade Name
    </strong>
  </fieldset>
</div>
`;
