// Jest Snapshot v1, https://goo.gl/fbAQLP

exports[`The Project Form matches the snapshot 1`] = `
<div>
  <form
    class="rjsf"
    novalidate=""
  >
    <div
      class="sc-jRQBWg cDwDrH pg-grid-container"
      cols="10"
    >
      <div
        class="sc-gKclnd sc-iCfMLu YZhSi fQKovI pg-grid-row"
      >
        <div
          class="sc-furwcr sc-pVTFL XpgcI eqAbko pg-grid-col"
          id="test"
          width="100"
        >
          <fieldset
            class="jsx-3408663875"
            id="formborder"
          >
            <legend
              class="jsx-3408663875"
            >
              Background
            </legend>
            <div
              class="sc-crHmcD bKATQK pg-input"
            >
              <label
                class="sc-egiyK ewKLoj pg-input-label"
                for="root_rfpNumber"
              >
                RFP Number*
              </label>
              <input
                aria-label="RFP Number*"
                class="sc-bqiRlB hrAFNs pg-input-input"
                id="root_rfpNumber"
                name="root_rfpNumber-input"
                placeholder="2020-RFP-1-456-ABCD"
                required=""
                value=""
              />
            </div>
            <div
              class="sc-crHmcD bKATQK pg-input"
            >
              <label
                class="sc-egiyK ewKLoj pg-input-label"
                for="root_projectName"
              >
                Project Name*
              </label>
              <input
                aria-label="Project Name*"
                class="sc-bqiRlB hrAFNs pg-input-input"
                id="root_projectName"
                name="root_projectName-input"
                placeholder="Short project name"
                required=""
                value=""
              />
            </div>
            <div
              class="sc-crHmcD bKATQK pg-input"
            >
              <label
                class="sc-egiyK ewKLoj pg-input-label"
                for="root_description"
              >
                Description*
              </label>
              <input
                aria-label="Description*"
                class="sc-bqiRlB hrAFNs pg-input-input"
                id="root_description"
                name="root_description-input"
                placeholder="describe the project..."
                required=""
                value=""
              />
            </div>
            <label
              for="search-dropdown-root_operatorId"
            >
              Legal Operator Name and BC Registry ID*
            </label>
            <div
              aria-expanded="false"
              class="MuiAutocomplete-root MuiAutocomplete-hasClearIcon MuiAutocomplete-hasPopupIcon css-symcig-MuiAutocomplete-root"
              role="combobox"
            >
              <div
                class="MuiFormControl-root MuiFormControl-fullWidth MuiTextField-root css-wb57ya-MuiFormControl-root-MuiTextField-root"
              >
                <div
                  class="MuiOutlinedInput-root MuiInputBase-root MuiInputBase-colorPrimary MuiInputBase-fullWidth MuiInputBase-formControl MuiInputBase-adornedEnd MuiAutocomplete-inputRoot css-154xyx0-MuiInputBase-root-MuiOutlinedInput-root"
                >
                  <input
                    aria-autocomplete="list"
                    aria-invalid="false"
                    autocapitalize="none"
                    autocomplete="off"
                    class="MuiOutlinedInput-input MuiInputBase-input MuiInputBase-inputAdornedEnd MuiAutocomplete-input MuiAutocomplete-inputFocused css-nxo287-MuiInputBase-input-MuiOutlinedInput-input"
                    id="search-dropdown-root_operatorId"
                    placeholder="Select an Operator"
                    spellcheck="false"
                    type="text"
                    value=""
                  />
                  <div
                    class="MuiAutocomplete-endAdornment css-1q60rmi-MuiAutocomplete-endAdornment"
                  >
                    <button
                      aria-label="Clear"
                      class="MuiButtonBase-root MuiIconButton-root MuiIconButton-sizeMedium MuiAutocomplete-clearIndicator css-1glvl0p-MuiButtonBase-root-MuiIconButton-root-MuiAutocomplete-clearIndicator"
                      tabindex="-1"
                      title="Clear"
                      type="button"
                    >
                      <svg
                        aria-hidden="true"
                        class="MuiSvgIcon-root MuiSvgIcon-fontSizeSmall css-ptiqhd-MuiSvgIcon-root"
                        data-testid="CloseIcon"
                        focusable="false"
                        viewBox="0 0 24 24"
                      >
                        <path
                          d="M19 6.41L17.59 5 12 10.59 6.41 5 5 6.41 10.59 12 5 17.59 6.41 19 12 13.41 17.59 19 19 17.59 13.41 12z"
                        />
                      </svg>
                      <span
                        class="MuiTouchRipple-root css-8je8zh-MuiTouchRipple-root"
                      />
                    </button>
                    <button
                      aria-label="Open"
                      class="MuiButtonBase-root MuiIconButton-root MuiIconButton-sizeMedium MuiAutocomplete-popupIndicator css-qzbt6i-MuiButtonBase-root-MuiIconButton-root-MuiAutocomplete-popupIndicator"
                      tabindex="-1"
                      title="Open"
                      type="button"
                    >
                      <svg
                        aria-hidden="true"
                        class="MuiSvgIcon-root MuiSvgIcon-fontSizeMedium css-i4bv87-MuiSvgIcon-root"
                        data-testid="ArrowDropDownIcon"
                        focusable="false"
                        viewBox="0 0 24 24"
                      >
                        <path
                          d="M7 10l5 5 5-5z"
                        />
                      </svg>
                      <span
                        class="MuiTouchRipple-root css-8je8zh-MuiTouchRipple-root"
                      />
                    </button>
                  </div>
                  <fieldset
                    aria-hidden="true"
                    class="MuiOutlinedInput-notchedOutline css-1d3z3hw-MuiOutlinedInput-notchedOutline"
                  >
                    <legend
                      class="css-nnbavb"
                    >
                      <span
                        class="notranslate"
                      >
                        â€‹
                      </span>
                    </legend>
                  </fieldset>
                </div>
              </div>
            </div>
            <span
              class="paragraph-text"
            >
              <label>
                Trade Name
              </label>
              <p />
            </span>
            <label
              class="jsx-3703916905"
              for="funding-stream-dropdown-root_fundingStreamId"
            >
              Funding Stream ID*
            </label>
            <div
              class="sc-bkkeKt iEOAMi pg-select"
            >
              <div
                class="sc-dJjYzT juyIGG pg-select-wrapper"
              >
                <select
                  aria-label="root_fundingStreamId-select"
                  class="sc-hGPBjI hXpBuL pg-select-input"
                  id="root_fundingStreamId"
                  name="root_fundingStreamId-select"
                  placeholder="Select a Funding Stream"
                  required=""
                >
                  <option
                    class="jsx-3703916905"
                  >
                    Select a Funding Stream
                  </option>
                  <option
                    class="jsx-3703916905"
                    value="42"
                  >
                    &lt;mock-value-for-field-"name"&gt;
                  </option>
                </select>
              </div>
            </div>
            <span
              class="paragraph-text"
            >
              <label>
                Description
              </label>
              <p />
            </span>
          </fieldset>
        </div>
      </div>
    </div>
  </form>
</div>
`;
